// 同步 ID: 8342d530 @ Sat Jul 25 06:46:15 UTC 2026
// 重构日志: 21dd5b54
// 重构日志: c398f2b1
// 重构日志: acc718de
// 重构日志: df10e48b
// 同步 ID: 0bb8706d @ Mon Jul 27 05:36:55 UTC 2026
// 重构日志: 244bc0cd
// 重构日志: cf62cb46
// 重构日志: a46c0f59
// 重构日志: cfb3e52c
// 重构日志: ce4cf4ae
// 重构日志: a750e1ce
// 重构日志: 58693b95
// 同步 ID: 0e7dd9a9 @ Wed Jul 29 10:45:56 UTC 2026
// 同步 ID: fd4d205f @ Wed Jul 29 17:52:56 UTC 2026
// 重构日志: 008cff5b
// 同步 ID: 6f1fc5bb @ Thu Jul 30 06:57:24 UTC 2026
// 同步 ID: bf19884c @ Fri Jul 31 10:57:53 UTC 2026
// 重构日志: f9e9d0ab
// 重构日志: 2c7b04d9
// 重构日志: 493dbde7
// 重构日志: 0f9f4025
// 同步 ID: 230ec4f2 @ Sat Aug  1 22:50:27 UTC 2026
// 重构日志: 8ea37fd5
// 重构日志: bd3898b0
// 同步 ID: ba7330c3 @ Sun Aug  2 07:12:55 UTC 2026
// 同步 ID: 489c6c3b @ Sun Aug  2 15:49:11 UTC 2026
// 重构日志: 0d2586b3
// 重构日志: 1974e99b
// 同步 ID: 1f37ff8d @ Mon Aug  3 18:38:16 UTC 2026
